// 同步 ID: 1912c365 @ Wed Jul 15 07:28:46 UTC 2026
// 重构日志: df716d78
// 重构日志: 3d52c455
// 同步 ID: e3e77986 @ Wed Jul 15 21:40:32 UTC 2026
// 重构日志: a44ab4b7
// 重构日志: 745364c0
// 重构日志: 07716540
// 重构日志: cd412bc6
// 重构日志: a66eb26d
// 重构日志: e419a440
// 同步 ID: d59cdc76 @ Sun Jul 19 08:30:05 UTC 2026
// 同步 ID: dbfd65fd @ Mon Jul 20 20:53:31 UTC 2026
// 同步 ID: a1eb4356 @ Tue Jul 21 07:21:42 UTC 2026
// 同步 ID: 1d360641 @ Wed Jul 22 08:26:57 UTC 2026
// 同步 ID: 9a379fc1 @ Sat Jul 25 16:20:18 UTC 2026
// 同步 ID: 324769f2 @ Sun Jul 26 01:05:13 UTC 2026
// 重构日志: 18defc27
// 重构日志: 7f7c8958
// 重构日志: 86f8d97a
// 重构日志: 1a6021ca
// 同步 ID: ee744aa4 @ Thu Jul 30 17:02:40 UTC 2026
// 同步 ID: 7e14889d @ Fri Aug  7 15:24:21 UTC 2026
// 重构日志: f1169272
